https://opfs.dara.global/ipfs/QmZEZcQkHEfAP9G9qw63ZqxKzvaLdEvJ8d4mboF9BVHNkf/5965.zwi&download&filename=5965.zwi - Failed to open TCP connection to opfs.dara.global:443 (Network is unreachable - connect(2) for "opfs.dara.global" port 443)
https://opfs.dara.global/ipfs/QmZEZcQkHEfAP9G9qw63ZqxKzvaLdEvJ8d4mboF9BVHNkf/5966.zwi&download&filename=5966.zwi - Failed to open TCP connection to opfs.dara.global:443 (Network is unreachable - connect(2) for "opfs.dara.global" port 443)
https://opfs.dara.global/ipfs/QmZEZcQkHEfAP9G9qw63ZqxKzvaLdEvJ8d4mboF9BVHNkf/5967.zwi&download&filename=5967.zwi - Failed to open TCP connection to opfs.dara.global:443 (Network is unreachable - connect(2) for "opfs.dara.global" port 443)
https://opfs.dara.global/ipfs/QmZEZcQkHEfAP9G9qw63ZqxKzvaLdEvJ8d4mboF9BVHNkf/5968.zwi&download&filename=5968.zwi - Failed to open TCP connection to opfs.dara.global:443 (Network is unreachable - connect(2) for "opfs.dara.global" port 443)
https://opfs.dara.global/ipfs/QmZEZcQkHEfAP9G9qw63ZqxKzvaLdEvJ8d4mboF9BVHNkf/5969.zwi&download&filename=5969.zwi - Failed to open TCP connection to opfs.dara.global:443 (Network is unreachable - connect(2) for "opfs.dara.global" port 443)
https://opfs.dara.global/ipfs/QmZEZcQkHEfAP9G9qw63ZqxKzvaLdEvJ8d4mboF9BVHNkf/5970.zwi&download&filename=5970.zwi - Failed to open TCP connection to opfs.dara.global:443 (Network is unreachable - connect(2) for "opfs.dara.global" port 443)
https://opfs.dara.global/ipfs/QmZEZcQkHEfAP9G9qw63ZqxKzvaLdEvJ8d4mboF9BVHNkf/5971.zwi&download&filename=5971.zwi - Failed to open TCP connection to opfs.dara.global:443 (Network is unreachable - connect(2) for "opfs.dara.global" port 443)
https://opfs.dara.global/ipfs/QmZEZcQkHEfAP9G9qw63ZqxKzvaLdEvJ8d4mboF9BVHNkf/5972.zwi&download&filename=5972.zwi - Failed to open TCP connection to opfs.dara.global:443 (Network is unreachable - connect(2) for "opfs.dara.global" port 443)
https://opfs.dara.global/ipfs/QmZEZcQkHEfAP9G9qw63ZqxKzvaLdEvJ8d4mboF9BVHNkf/5973.zwi&download&filename=5973.zwi - Failed to open TCP connection to opfs.dara.global:443 (Network is unreachable - connect(2) for "opfs.dara.global" port 443)
https://opfs.dara.global/ipfs/QmZEZcQkHEfAP9G9qw63ZqxKzvaLdEvJ8d4mboF9BVHNkf/5974.zwi&download&filename=5974.zwi - Failed to open TCP connection to opfs.dara.global:443 (Network is unreachable - connect(2) for "opfs.dara.global" port 443)
https://opfs.dara.global/ipfs/QmZEZcQkHEfAP9G9qw63ZqxKzvaLdEvJ8d4mboF9BVHNkf/5975.zwi&download&filename=5975.zwi - Failed to open TCP connection to opfs.dara.global:443 (Network is unreachable - connect(2) for "opfs.dara.global" port 443)
https://opfs.dara.global/ipfs/QmZEZcQkHEfAP9G9qw63ZqxKzvaLdEvJ8d4mboF9BVHNkf/5976.zwi&download&filename=5976.zwi - Failed to open TCP connection to opfs.dara.global:443 (Network is unreachable - connect(2) for "opfs.dara.global" port 443)
https://opfs.dara.global/ipfs/QmZEZcQkHEfAP9G9qw63ZqxKzvaLdEvJ8d4mboF9BVHNkf/5977.zwi&download&filename=5977.zwi - Failed to open TCP connection to opfs.dara.global:443 (Network is unreachable - connect(2) for "opfs.dara.global" port 443)
https://opfs.dara.global/ipfs/QmZEZcQkHEfAP9G9qw63ZqxKzvaLdEvJ8d4mboF9BVHNkf/25946.zwi&download&filename=25946.zwi - Failed to download: https://opfs.dara.global/ipfs/QmZEZcQkHEfAP9G9qw63ZqxKzvaLdEvJ8d4mboF9BVHNkf/25946.zwi&download&filename=25946.zwi, received status code: 502
https://opfs.dara.global/ipfs/QmZEZcQkHEfAP9G9qw63ZqxKzvaLdEvJ8d4mboF9BVHNkf/30349.zwi&download&filename=30349.zwi - Failed to open TCP connection to opfs.dara.global:443 (Network is unreachable - connect(2) for "opfs.dara.global" port 443)
https://opfs.dara.global/ipfs/QmZEZcQkHEfAP9G9qw63ZqxKzvaLdEvJ8d4mboF9BVHNkf/30350.zwi&download&filename=30350.zwi - Failed to open TCP connection to opfs.dara.global:443 (Network is unreachable - connect(2) for "opfs.dara.global" port 443)
https://opfs.dara.global/ipfs/QmZEZcQkHEfAP9G9qw63ZqxKzvaLdEvJ8d4mboF9BVHNkf/30351.zwi&download&filename=30351.zwi - Failed to open TCP connection to opfs.dara.global:443 (Network is unreachable - connect(2) for "opfs.dara.global" port 443)
https://opfs.dara.global/ipfs/QmZEZcQkHEfAP9G9qw63ZqxKzvaLdEvJ8d4mboF9BVHNkf/30352.zwi&download&filename=30352.zwi - Failed to open TCP connection to opfs.dara.global:443 (Network is unreachable - connect(2) for "opfs.dara.global" port 443)
https://opfs.dara.global/ipfs/QmZEZcQkHEfAP9G9qw63ZqxKzvaLdEvJ8d4mboF9BVHNkf/30353.zwi&download&filename=30353.zwi - Failed to open TCP connection to opfs.dara.global:443 (Network is unreachable - connect(2) for "opfs.dara.global" port 443)
https://opfs.dara.global/ipfs/QmZEZcQkHEfAP9G9qw63ZqxKzvaLdEvJ8d4mboF9BVHNkf/54963.zwi&download&filename=54963.zwi - Failed to open TCP connection to opfs.dara.global:443 (getaddrinfo: Name or service not known)
https://opfs.dara.global/ipfs/QmZEZcQkHEfAP9G9qw63ZqxKzvaLdEvJ8d4mboF9BVHNkf/54964.zwi&download&filename=54964.zwi - Failed to open TCP connection to opfs.dara.global:443 (getaddrinfo: Name or service not known)
https://opfs.dara.global/ipfs/QmZEZcQkHEfAP9G9qw63ZqxKzvaLdEvJ8d4mboF9BVHNkf/54965.zwi&download&filename=54965.zwi - Failed to open TCP connection to opfs.dara.global:443 (getaddrinfo: Name or service not known)
https://opfs.dara.global/ipfs/QmZEZcQkHEfAP9G9qw63ZqxKzvaLdEvJ8d4mboF9BVHNkf/54966.zwi&download&filename=54966.zwi - Failed to open TCP connection to opfs.dara.global:443 (getaddrinfo: Name or service not known)
https://opfs.dara.global/ipfs/QmZEZcQkHEfAP9G9qw63ZqxKzvaLdEvJ8d4mboF9BVHNkf/54967.zwi&download&filename=54967.zwi - Failed to open TCP connection to opfs.dara.global:443 (getaddrinfo: Name or service not known)
https://opfs.dara.global/ipfs/QmZEZcQkHEfAP9G9qw63ZqxKzvaLdEvJ8d4mboF9BVHNkf/54968.zwi&download&filename=54968.zwi - Failed to open TCP connection to opfs.dara.global:443 (getaddrinfo: Name or service not known)
https://opfs.dara.global/ipfs/QmZEZcQkHEfAP9G9qw63ZqxKzvaLdEvJ8d4mboF9BVHNkf/54969.zwi&download&filename=54969.zwi - Failed to open TCP connection to opfs.dara.global:443 (getaddrinfo: Name or service not known)
https://opfs.dara.global/ipfs/QmZEZcQkHEfAP9G9qw63ZqxKzvaLdEvJ8d4mboF9BVHNkf/58808.zwi&download&filename=58808.zwi - Failed to download: https://opfs.dara.global/ipfs/QmZEZcQkHEfAP9G9qw63ZqxKzvaLdEvJ8d4mboF9BVHNkf/58808.zwi&download&filename=58808.zwi, received status code: 502
https://opfs.dara.global/ipfs/QmZEZcQkHEfAP9G9qw63ZqxKzvaLdEvJ8d4mboF9BVHNkf/60185.zwi&download&filename=60185.zwi - Failed to open TCP connection to opfs.dara.global:443 (Network is unreachable - connect(2) for "opfs.dara.global" port 443)
https://opfs.dara.global/ipfs/QmZEZcQkHEfAP9G9qw63ZqxKzvaLdEvJ8d4mboF9BVHNkf/60186.zwi&download&filename=60186.zwi - Failed to open TCP connection to opfs.dara.global:443 (Network is unreachable - connect(2) for "opfs.dara.global" port 443)
https://opfs.dara.global/ipfs/QmZEZcQkHEfAP9G9qw63ZqxKzvaLdEvJ8d4mboF9BVHNkf/60187.zwi&download&filename=60187.zwi - Failed to open TCP connection to opfs.dara.global:443 (Network is unreachable - connect(2) for "opfs.dara.global" port 443)
https://opfs.dara.global/ipfs/QmZEZcQkHEfAP9G9qw63ZqxKzvaLdEvJ8d4mboF9BVHNkf/60188.zwi&download&filename=60188.zwi - Failed to open TCP connection to opfs.dara.global:443 (Network is unreachable - connect(2) for "opfs.dara.global" port 443)
https://opfs.dara.global/ipfs/QmZEZcQkHEfAP9G9qw63ZqxKzvaLdEvJ8d4mboF9BVHNkf/60189.zwi&download&filename=60189.zwi - Failed to open TCP connection to opfs.dara.global:443 (Network is unreachable - connect(2) for "opfs.dara.global" port 443)
https://opfs.dara.global/ipfs/QmZEZcQkHEfAP9G9qw63ZqxKzvaLdEvJ8d4mboF9BVHNkf/60190.zwi&download&filename=60190.zwi - Failed to open TCP connection to opfs.dara.global:443 (Network is unreachable - connect(2) for "opfs.dara.global" port 443)
